mode: set
github.com/JonathanGraniero/kflare/api/v1alpha1/cloudflareaccount_types.go:83.13,85.2 1 0
github.com/JonathanGraniero/kflare/api/v1alpha1/zz_generated.deepcopy.go:19.67,25.2 5 0
github.com/JonathanGraniero/kflare/api/v1alpha1/zz_generated.deepcopy.go:28.60,29.15 1 0
github.com/JonathanGraniero/kflare/api/v1alpha1/zz_generated.deepcopy.go:29.15,31.3 1 0
github.com/JonathanGraniero/kflare/api/v1alpha1/zz_generated.deepcopy.go:32.2,34.12 3 0
github.com/JonathanGraniero/kflare/api/v1alpha1/zz_generated.deepcopy.go:38.62,39.34 1 0
github.com/JonathanGraniero/kflare/api/v1alpha1/zz_generated.deepcopy.go:39.34,41.3 1 0
github.com/JonathanGraniero/kflare/api/v1alpha1/zz_generated.deepcopy.go:42.2,42.12 1 0
github.com/JonathanGraniero/kflare/api/v1alpha1/zz_generated.deepcopy.go:46.75,50.21 4 0
github.com/JonathanGraniero/kflare/api/v1alpha1/zz_generated.deepcopy.go:50.21,53.22 3 0
github.com/JonathanGraniero/kflare/api/v1alpha1/zz_generated.deepcopy.go:53.22,55.4 1 0
github.com/JonathanGraniero/kflare/api/v1alpha1/zz_generated.deepcopy.go:60.68,61.15 1 0
github.com/JonathanGraniero/kflare/api/v1alpha1/zz_generated.deepcopy.go:61.15,63.3 1 0
github.com/JonathanGraniero/kflare/api/v1alpha1/zz_generated.deepcopy.go:64.2,66.12 3 0
github.com/JonathanGraniero/kflare/api/v1alpha1/zz_generated.deepcopy.go:70.66,71.34 1 0
github.com/JonathanGraniero/kflare/api/v1alpha1/zz_generated.deepcopy.go:71.34,73.3 1 0
github.com/JonathanGraniero/kflare/api/v1alpha1/zz_generated.deepcopy.go:74.2,74.12 1 0
github.com/JonathanGraniero/kflare/api/v1alpha1/zz_generated.deepcopy.go:78.75,81.2 2 0
github.com/JonathanGraniero/kflare/api/v1alpha1/zz_generated.deepcopy.go:84.68,85.15 1 0
github.com/JonathanGraniero/kflare/api/v1alpha1/zz_generated.deepcopy.go:85.15,87.3 1 0
github.com/JonathanGraniero/kflare/api/v1alpha1/zz_generated.deepcopy.go:88.2,90.12 3 0
github.com/JonathanGraniero/kflare/api/v1alpha1/zz_generated.deepcopy.go:94.79,96.26 2 0
github.com/JonathanGraniero/kflare/api/v1alpha1/zz_generated.deepcopy.go:96.26,99.22 3 0
github.com/JonathanGraniero/kflare/api/v1alpha1/zz_generated.deepcopy.go:99.22,101.4 1 0
github.com/JonathanGraniero/kflare/api/v1alpha1/zz_generated.deepcopy.go:106.72,107.15 1 0
github.com/JonathanGraniero/kflare/api/v1alpha1/zz_generated.deepcopy.go:107.15,109.3 1 0
github.com/JonathanGraniero/kflare/api/v1alpha1/zz_generated.deepcopy.go:110.2,112.12 3 0
github.com/JonathanGraniero/kflare/api/v1alpha1/zz_generated.deepcopy.go:116.63,118.2 1 0
github.com/JonathanGraniero/kflare/api/v1alpha1/zz_generated.deepcopy.go:121.56,122.15 1 0
github.com/JonathanGraniero/kflare/api/v1alpha1/zz_generated.deepcopy.go:122.15,124.3 1 0
github.com/JonathanGraniero/kflare/api/v1alpha1/zz_generated.deepcopy.go:125.2,127.12 3 0
github.com/JonathanGraniero/kflare/cmd/main.go:37.13,42.2 2 0
github.com/JonathanGraniero/kflare/cmd/main.go:44.13,73.38 15 0
github.com/JonathanGraniero/kflare/cmd/main.go:73.38,76.3 2 0
github.com/JonathanGraniero/kflare/cmd/main.go:78.2,79.18 2 0
github.com/JonathanGraniero/kflare/cmd/main.go:79.18,81.3 1 0
github.com/JonathanGraniero/kflare/cmd/main.go:83.2,110.16 3 0
github.com/JonathanGraniero/kflare/cmd/main.go:110.16,113.3 2 0
github.com/JonathanGraniero/kflare/cmd/main.go:115.2,118.39 1 0
github.com/JonathanGraniero/kflare/cmd/main.go:118.39,121.3 2 0
github.com/JonathanGraniero/kflare/cmd/main.go:124.2,124.69 1 0
github.com/JonathanGraniero/kflare/cmd/main.go:124.69,127.3 2 0
github.com/JonathanGraniero/kflare/cmd/main.go:128.2,128.67 1 0
github.com/JonathanGraniero/kflare/cmd/main.go:128.67,131.3 2 0
github.com/JonathanGraniero/kflare/cmd/main.go:133.2,134.61 2 0
github.com/JonathanGraniero/kflare/cmd/main.go:134.61,137.3 2 0
github.com/JonathanGraniero/kflare/test/utils/utils.go:27.27,29.2 1 0
github.com/JonathanGraniero/kflare/test/utils/utils.go:32.40,37.2 4 0
github.com/JonathanGraniero/kflare/test/utils/utils.go:40.41,44.42 3 0
github.com/JonathanGraniero/kflare/test/utils/utils.go:44.42,46.3 1 0
github.com/JonathanGraniero/kflare/test/utils/utils.go:48.2,52.16 5 0
github.com/JonathanGraniero/kflare/test/utils/utils.go:52.16,54.3 1 0
github.com/JonathanGraniero/kflare/test/utils/utils.go:56.2,56.20 1 0
github.com/JonathanGraniero/kflare/test/utils/utils.go:60.36,63.36 3 0
github.com/JonathanGraniero/kflare/test/utils/utils.go:63.36,65.3 1 0
github.com/JonathanGraniero/kflare/test/utils/utils.go:69.29,72.36 3 0
github.com/JonathanGraniero/kflare/test/utils/utils.go:72.36,74.3 1 0
github.com/JonathanGraniero/kflare/test/utils/utils.go:78.33,81.36 3 0
github.com/JonathanGraniero/kflare/test/utils/utils.go:81.36,83.3 1 0
github.com/JonathanGraniero/kflare/test/utils/utils.go:86.2,93.12 3 0
github.com/JonathanGraniero/kflare/test/utils/utils.go:97.56,99.47 2 0
github.com/JonathanGraniero/kflare/test/utils/utils.go:99.47,101.3 1 0
github.com/JonathanGraniero/kflare/test/utils/utils.go:102.2,105.12 4 0
github.com/JonathanGraniero/kflare/test/utils/utils.go:110.47,113.35 3 0
github.com/JonathanGraniero/kflare/test/utils/utils.go:113.35,114.20 1 0
github.com/JonathanGraniero/kflare/test/utils/utils.go:114.20,116.4 1 0
github.com/JonathanGraniero/kflare/test/utils/utils.go:119.2,119.12 1 0
github.com/JonathanGraniero/kflare/test/utils/utils.go:123.38,125.16 2 0
github.com/JonathanGraniero/kflare/test/utils/utils.go:125.16,127.3 1 0
github.com/JonathanGraniero/kflare/test/utils/utils.go:128.2,129.16 2 0
github.com/JonathanGraniero/kflare/api/v1alpha1/cloudflareaccount_types.go:83.13,85.2 1 1
github.com/JonathanGraniero/kflare/api/v1alpha1/zz_generated.deepcopy.go:19.67,25.2 5 0
github.com/JonathanGraniero/kflare/api/v1alpha1/zz_generated.deepcopy.go:28.60,29.15 1 0
github.com/JonathanGraniero/kflare/api/v1alpha1/zz_generated.deepcopy.go:29.15,31.3 1 0
github.com/JonathanGraniero/kflare/api/v1alpha1/zz_generated.deepcopy.go:32.2,34.12 3 0
github.com/JonathanGraniero/kflare/api/v1alpha1/zz_generated.deepcopy.go:38.62,39.34 1 0
github.com/JonathanGraniero/kflare/api/v1alpha1/zz_generated.deepcopy.go:39.34,41.3 1 0
github.com/JonathanGraniero/kflare/api/v1alpha1/zz_generated.deepcopy.go:42.2,42.12 1 0
github.com/JonathanGraniero/kflare/api/v1alpha1/zz_generated.deepcopy.go:46.75,50.21 4 0
github.com/JonathanGraniero/kflare/api/v1alpha1/zz_generated.deepcopy.go:50.21,53.22 3 0
github.com/JonathanGraniero/kflare/api/v1alpha1/zz_generated.deepcopy.go:53.22,55.4 1 0
github.com/JonathanGraniero/kflare/api/v1alpha1/zz_generated.deepcopy.go:60.68,61.15 1 0
github.com/JonathanGraniero/kflare/api/v1alpha1/zz_generated.deepcopy.go:61.15,63.3 1 0
github.com/JonathanGraniero/kflare/api/v1alpha1/zz_generated.deepcopy.go:64.2,66.12 3 0
github.com/JonathanGraniero/kflare/api/v1alpha1/zz_generated.deepcopy.go:70.66,71.34 1 0
github.com/JonathanGraniero/kflare/api/v1alpha1/zz_generated.deepcopy.go:71.34,73.3 1 0
github.com/JonathanGraniero/kflare/api/v1alpha1/zz_generated.deepcopy.go:74.2,74.12 1 0
github.com/JonathanGraniero/kflare/api/v1alpha1/zz_generated.deepcopy.go:78.75,81.2 2 0
github.com/JonathanGraniero/kflare/api/v1alpha1/zz_generated.deepcopy.go:84.68,85.15 1 0
github.com/JonathanGraniero/kflare/api/v1alpha1/zz_generated.deepcopy.go:85.15,87.3 1 0
github.com/JonathanGraniero/kflare/api/v1alpha1/zz_generated.deepcopy.go:88.2,90.12 3 0
github.com/JonathanGraniero/kflare/api/v1alpha1/zz_generated.deepcopy.go:94.79,96.26 2 0
github.com/JonathanGraniero/kflare/api/v1alpha1/zz_generated.deepcopy.go:96.26,99.22 3 0
github.com/JonathanGraniero/kflare/api/v1alpha1/zz_generated.deepcopy.go:99.22,101.4 1 0
github.com/JonathanGraniero/kflare/api/v1alpha1/zz_generated.deepcopy.go:106.72,107.15 1 0
github.com/JonathanGraniero/kflare/api/v1alpha1/zz_generated.deepcopy.go:107.15,109.3 1 0
github.com/JonathanGraniero/kflare/api/v1alpha1/zz_generated.deepcopy.go:110.2,112.12 3 0
github.com/JonathanGraniero/kflare/api/v1alpha1/zz_generated.deepcopy.go:116.63,118.2 1 0
github.com/JonathanGraniero/kflare/api/v1alpha1/zz_generated.deepcopy.go:121.56,122.15 1 0
github.com/JonathanGraniero/kflare/api/v1alpha1/zz_generated.deepcopy.go:122.15,124.3 1 0
github.com/JonathanGraniero/kflare/api/v1alpha1/zz_generated.deepcopy.go:125.2,127.12 3 0
github.com/JonathanGraniero/kflare/internal/controller/cloudflareaccount_controller.go:47.109,51.64 3 1
github.com/JonathanGraniero/kflare/internal/controller/cloudflareaccount_controller.go:51.64,53.3 1 1
github.com/JonathanGraniero/kflare/internal/controller/cloudflareaccount_controller.go:56.2,61.54 3 1
github.com/JonathanGraniero/kflare/internal/controller/cloudflareaccount_controller.go:61.54,65.3 2 1
github.com/JonathanGraniero/kflare/internal/controller/cloudflareaccount_controller.go:67.2,68.20 2 1
github.com/JonathanGraniero/kflare/internal/controller/cloudflareaccount_controller.go:68.20,70.3 1 0
github.com/JonathanGraniero/kflare/internal/controller/cloudflareaccount_controller.go:71.2,72.9 2 1
github.com/JonathanGraniero/kflare/internal/controller/cloudflareaccount_controller.go:72.9,76.3 2 1
github.com/JonathanGraniero/kflare/internal/controller/cloudflareaccount_controller.go:79.2,80.22 2 1
github.com/JonathanGraniero/kflare/internal/controller/cloudflareaccount_controller.go:80.22,82.3 1 0
github.com/JonathanGraniero/kflare/internal/controller/cloudflareaccount_controller.go:83.2,84.16 2 1
github.com/JonathanGraniero/kflare/internal/controller/cloudflareaccount_controller.go:84.16,88.3 2 1
github.com/JonathanGraniero/kflare/internal/controller/cloudflareaccount_controller.go:90.2,91.16 2 1
github.com/JonathanGraniero/kflare/internal/controller/cloudflareaccount_controller.go:91.16,95.3 2 1
github.com/JonathanGraniero/kflare/internal/controller/cloudflareaccount_controller.go:97.2,102.55 4 1
github.com/JonathanGraniero/kflare/internal/controller/cloudflareaccount_controller.go:105.171,113.2 1 1
github.com/JonathanGraniero/kflare/internal/controller/cloudflareaccount_controller.go:116.80,120.2 1 0
github.com/JonathanGraniero/kflare/internal/controller/cloudflareaccount_controller.go:123.66,125.2 1 0
